
> backend@1.0.0 build
> tsc

src/modules/blog/blog.controller.ts(27,28): error TS2339: Property 'user' does not exist on type 'Request<ParamsDictionary, any, any, ParsedQs, Record<string, any>>'.
src/modules/blog/blog.service.ts(72,9): error TS2322: Type 'Buffer<ArrayBufferLike> | undefined' is not assignable to type 'Uint8Array<ArrayBuffer> | null | undefined'.
  Type 'Buffer<ArrayBufferLike>' is not assignable to type 'Uint8Array<ArrayBuffer>'.
    Types of property 'buffer' are incompatible.
      Type 'ArrayBufferLike' is not assignable to type 'ArrayBuffer'.
        Type 'SharedArrayBuffer' is not assignable to type 'ArrayBuffer'.
          Types of property '[Symbol.toStringTag]' are incompatible.
            Type '"SharedArrayBuffer"' is not assignable to type '"ArrayBuffer"'.
src/modules/contact/contact.controller.ts(32,57): error TS2345: Argument of type 'string | string[]' is not assignable to parameter of type 'string'.
  Type 'string[]' is not assignable to type 'string'.
src/modules/contact/contact.controller.ts(42,42): error TS2345: Argument of type 'string | string[]' is not assignable to parameter of type 'string'.
  Type 'string[]' is not assignable to type 'string'.
src/modules/faq/faq.controller.ts(54,18): error TS2322: Type 'string | string[]' is not assignable to type 'string | undefined'.
  Type 'string[]' is not assignable to type 'string'.
src/modules/faq/faq.controller.ts(73,42): error TS2322: Type 'string | string[]' is not assignable to type 'string | undefined'.
  Type 'string[]' is not assignable to type 'string'.
src/modules/marketing/marketing.service.ts(106,27): error TS2345: Argument of type 'string | null' is not assignable to parameter of type 'string | undefined'.
  Type 'null' is not assignable to type 'string | undefined'.
src/modules/marketing/marketing.service.ts(158,27): error TS2345: Argument of type 'string | null' is not assignable to parameter of type 'string | undefined'.
  Type 'null' is not assignable to type 'string | undefined'.
src/modules/order/order.service.ts(42,24): error TS2551: Property 'image' does not exist on type '{ length: number | null; name: string; id: string; slug: string; description: string; createdAt: Date; updatedAt: Date; metaTitle: string | null; keywords: string | null; metaDescription: string | null; ... 20 more ...; width: number | null; }'. Did you mean 'ogImage'?
src/modules/order/order.service.ts(210,27): error TS2345: Argument of type 'string | null' is not assignable to parameter of type 'string | undefined'.
  Type 'null' is not assignable to type 'string | undefined'.
src/modules/order/order.service.ts(335,64): error TS2345: Argument of type 'OrderStatus' is not assignable to parameter of type '"PENDING" | "CONFIRMED"'.
  Type '"PREPARING"' is not assignable to type '"PENDING" | "CONFIRMED"'.
src/modules/testimonial/testimonial.controller.ts(20,60): error TS2345: Argument of type 'string | string[]' is not assignable to parameter of type 'string'.
  Type 'string[]' is not assignable to type 'string'.
src/modules/testimonial/testimonial.controller.ts(41,59): error TS2345: Argument of type 'string | string[]' is not assignable to parameter of type 'string'.
  Type 'string[]' is not assignable to type 'string'.
src/modules/testimonial/testimonial.controller.ts(50,39): error TS2345: Argument of type 'string | string[]' is not assignable to parameter of type 'string'.
  Type 'string[]' is not assignable to type 'string'.
